-- Automatically generated by SQLQueryTestSuite
-- Number of queries: 44


-- !query 0
select -100
-- !query 0 schema
struct<-100:int>
-- !query 0 output
-100


-- !query 1
select +230
-- !query 1 schema
struct<230:int>
-- !query 1 output
230


-- !query 2
select -5.2
-- !query 2 schema
struct<-5.2:decimal(2,1)>
-- !query 2 output
-5.2


-- !query 3
select +6.8e0
-- !query 3 schema
struct<6.8:decimal(2,1)>
-- !query 3 output
6.8


-- !query 4
select -key, +key from testdata where key = 2
-- !query 4 schema
struct<(- key):int,key:int>
-- !query 4 output
-2	2


-- !query 5
select -(key + 1), - key + 1, +(key + 5) from testdata where key = 1
-- !query 5 schema
struct<(- (key + 1)):int,((- key) + 1):int,(key + 5):int>
-- !query 5 output
-2	0	6


-- !query 6
select -max(key), +max(key) from testdata
-- !query 6 schema
struct<(- max(key)):int,max(key):int>
-- !query 6 output
-100	100


-- !query 7
select - (-10)
-- !query 7 schema
struct<(- -10):int>
-- !query 7 output
10


-- !query 8
select + (-key) from testdata where key = 32
-- !query 8 schema
struct<(- key):int>
-- !query 8 output
-32


-- !query 9
select - (+max(key)) from testdata
-- !query 9 schema
struct<(- max(key)):int>
-- !query 9 output
-100


-- !query 10
select - - 3
-- !query 10 schema
struct<(- -3):int>
-- !query 10 output
3


-- !query 11
select - + 20
-- !query 11 schema
struct<(- 20):int>
-- !query 11 output
-20


-- !query 12
select + + 100
-- !query 12 schema
struct<100:int>
-- !query 12 output
100


-- !query 13
select - - max(key) from testdata
-- !query 13 schema
struct<(- (- max(key))):int>
-- !query 13 output
100


-- !query 14
select + - key from testdata where key = 33
-- !query 14 schema
struct<(- key):int>
-- !query 14 output
-33


-- !query 15
select 5 / 2
-- !query 15 schema
struct<(CAST(5 AS DOUBLE) / CAST(2 AS DOUBLE)):double>
-- !query 15 output
2.5


-- !query 16
select 5 / 0
-- !query 16 schema
struct<(CAST(5 AS DOUBLE) / CAST(0 AS DOUBLE)):double>
-- !query 16 output
NULL


-- !query 17
select 5 / null
-- !query 17 schema
struct<(CAST(5 AS DOUBLE) / CAST(NULL AS DOUBLE)):double>
-- !query 17 output
NULL


-- !query 18
select null / 5
-- !query 18 schema
struct<(CAST(NULL AS DOUBLE) / CAST(5 AS DOUBLE)):double>
-- !query 18 output
NULL


-- !query 19
select 5 div 2
-- !query 19 schema
struct<CAST((CAST(5 AS DOUBLE) / CAST(2 AS DOUBLE)) AS BIGINT):bigint>
-- !query 19 output
2


-- !query 20
select 5 div 0
-- !query 20 schema
struct<CAST((CAST(5 AS DOUBLE) / CAST(0 AS DOUBLE)) AS BIGINT):bigint>
-- !query 20 output
NULL


-- !query 21
select 5 div null
-- !query 21 schema
struct<CAST((CAST(5 AS DOUBLE) / CAST(NULL AS DOUBLE)) AS BIGINT):bigint>
-- !query 21 output
NULL


-- !query 22
select null div 5
-- !query 22 schema
struct<CAST((CAST(NULL AS DOUBLE) / CAST(5 AS DOUBLE)) AS BIGINT):bigint>
-- !query 22 output
NULL


-- !query 23
select 1 + 2
-- !query 23 schema
struct<(1 + 2):int>
-- !query 23 output
3


-- !query 24
select 1 - 2
-- !query 24 schema
struct<(1 - 2):int>
-- !query 24 output
-1


-- !query 25
select 2 * 5
-- !query 25 schema
struct<(2 * 5):int>
-- !query 25 output
10


-- !query 26
select 5 % 3
-- !query 26 schema
struct<(5 % 3):int>
-- !query 26 output
2


-- !query 27
select pmod(-7, 3)
-- !query 27 schema
struct<pmod(-7, 3):int>
-- !query 27 output
2


-- !query 28
select cot(1)
-- !query 28 schema
struct<>
-- !query 28 output
org.apache.spark.sql.AnalysisException
Undefined function: 'cot'. This function is neither a registered temporary function nor a permanent function registered in the database 'default'.; line 1 pos 7


-- !query 29
select cot(null)
-- !query 29 schema
struct<>
-- !query 29 output
org.apache.spark.sql.AnalysisException
Undefined function: 'cot'. This function is neither a registered temporary function nor a permanent function registered in the database 'default'.; line 1 pos 7


-- !query 30
select cot(0)
-- !query 30 schema
struct<>
-- !query 30 output
org.apache.spark.sql.AnalysisException
Undefined function: 'cot'. This function is neither a registered temporary function nor a permanent function registered in the database 'default'.; line 1 pos 7


-- !query 31
select cot(-1)
-- !query 31 schema
struct<>
-- !query 31 output
org.apache.spark.sql.AnalysisException
Undefined function: 'cot'. This function is neither a registered temporary function nor a permanent function registered in the database 'default'.; line 1 pos 7


-- !query 32
select ceiling(0)
-- !query 32 schema
struct<CEIL(CAST(0 AS DOUBLE)):bigint>
-- !query 32 output
0


-- !query 33
select ceiling(1)
-- !query 33 schema
struct<CEIL(CAST(1 AS DOUBLE)):bigint>
-- !query 33 output
1


-- !query 34
select ceil(1234567890123456)
-- !query 34 schema
struct<CEIL(1234567890123456):bigint>
-- !query 34 output
1234567890123456


-- !query 35
select ceiling(1234567890123456)
-- !query 35 schema
struct<CEIL(1234567890123456):bigint>
-- !query 35 output
1234567890123456


-- !query 36
select ceil(0.01)
-- !query 36 schema
struct<CEIL(0.01):decimal(1,0)>
-- !query 36 output
1


-- !query 37
select ceiling(-0.10)
-- !query 37 schema
struct<CEIL(-0.10):decimal(1,0)>
-- !query 37 output
0


-- !query 38
select floor(0)
-- !query 38 schema
struct<FLOOR(CAST(0 AS DOUBLE)):bigint>
-- !query 38 output
0


-- !query 39
select floor(1)
-- !query 39 schema
struct<FLOOR(CAST(1 AS DOUBLE)):bigint>
-- !query 39 output
1


-- !query 40
select floor(1234567890123456)
-- !query 40 schema
struct<FLOOR(1234567890123456):bigint>
-- !query 40 output
1234567890123456


-- !query 41
select floor(0.01)
-- !query 41 schema
struct<FLOOR(0.01):decimal(1,0)>
-- !query 41 output
0


-- !query 42
select floor(-0.10)
-- !query 42 schema
struct<FLOOR(-0.10):decimal(1,0)>
-- !query 42 output
-1


-- !query 43
select 1 > 0.00001
-- !query 43 schema
struct<(CAST(1 AS BIGINT) > 0):boolean>
-- !query 43 output
true
